[     944ms] [INFO] %cDownload the React DevTools for a better development experience: https://react.dev/link/react-devtools font-weight:bold @ http://localhost:3000/_next/static/chunks/0jqu_next_dist_0q._32g._.js:2431
[    1226ms] [LOG] [HMR] connected @ http://localhost:3000/_next/static/chunks/0jqu_next_dist_0q._32g._.js:2431
[    1400ms] [LOG] [Fast Refresh] rebuilding @ http://localhost:3000/_next/static/chunks/0jqu_next_dist_0q._32g._.js:2431
[    1483ms] [LOG] [Fast Refresh] done in 190ms @ http://localhost:3000/_next/static/chunks/0jqu_next_dist_0q._32g._.js:2431
[   14704ms] [ERROR] Failed to load resource: the server responded with a status of 500 (Internal Server Error) @ http://localhost:3000/api/report/fill?preset=dingsheng_trade&mock=1:0
[   14847ms] [LOG] [Fast Refresh] rebuilding @ http://localhost:3000/_next/static/chunks/0jqu_next_dist_0q._32g._.js:2431
[   16001ms] [LOG] [Fast Refresh] done in 1258ms @ http://localhost:3000/_next/static/chunks/0jqu_next_dist_0q._32g._.js:2431
[   16124ms] [LOG] [Fast Refresh] rebuilding @ http://localhost:3000/_next/static/chunks/0jqu_next_dist_0q._32g._.js:2431
[   16924ms] [LOG] [Fast Refresh] done in 914ms @ http://localhost:3000/_next/static/chunks/0jqu_next_dist_0q._32g._.js:2431
[   75336ms] [ERROR] Failed to load resource: the server responded with a status of 500 (Internal Server Error) @ http://localhost:3000/api/report/refine:0
[  110029ms] [ERROR] Failed to load resource: net::ERR_CONNECTION_REFUSED @ http://127.0.0.1:8000/api/credit/presets/corporate:0
[  110033ms] [ERROR] TypeError: Failed to fetch
    at fetchPresets (http://localhost:3000/_next/static/chunks/src_05.sa9h._.js:907:23)
    at CreditDecisionPage.useEffect (http://localhost:3000/_next/static/chunks/src_0ka.uup._.js:1814:150)
    at Object.react_stack_bottom_frame (http://localhost:3000/_next/static/chunks/0jqu_next_dist_compiled_react-dom_0w7lvyt._.js:15087:22)
    at runWithFiberInDEV (http://localhost:3000/_next/static/chunks/0jqu_next_dist_compiled_react-dom_0w7lvyt._.js:965:74)
    at commitHookEffectListMount (http://localhost:3000/_next/static/chunks/0jqu_next_dist_compiled_react-dom_0w7lvyt._.js:7255:167)
    at commitHookPassiveMountEffects (http://localhost:3000/_next/static/chunks/0jqu_next_dist_compiled_react-dom_0w7lvyt._.js:7290:60)
    at commitPassiveMountOnFiber (http://localhost:3000/_next/static/chunks/0jqu_next_dist_compiled_react-dom_0w7lvyt._.js:8689:33)
    at recursivelyTraversePassiveMountEffects (http://localhost:3000/_next/static/chunks/0jqu_next_dist_compiled_react-dom_0w7lvyt._.js:8676:316)
    at commitPassiveMountOnFiber (http://localhost:3000/_next/static/chunks/0jqu_next_dist_compiled_react-dom_0w7lvyt._.js:8688:17)
    at recursivelyTraversePassiveMountEffects (http://localhost:3000/_next/static/chunks/0jqu_next_dist_compiled_react-dom_0w7lvyt._.js:8676:316)
    at commitPassiveMountOnFiber (http://localhost:3000/_next/static/chunks/0jqu_next_dist_compiled_react-dom_0w7lvyt._.js:8688:17)
    at recursivelyTraversePassiveMountEffects (http://localhost:3000/_next/static/chunks/0jqu_next_dist_compiled_react-dom_0w7lvyt._.js:8676:316)
    at commitPassiveMountOnFiber (http://localhost:3000/_next/static/chunks/0jqu_next_dist_compiled_react-dom_0w7lvyt._.js:8750:17)
    at recursivelyTraversePassiveMountEffects (http://localhost:3000/_next/static/chunks/0jqu_next_dist_compiled_react-dom_0w7lvyt._.js:8676:316)
    at commitPassiveMountOnFiber (http://localhost:3000/_next/static/chunks/0jqu_next_dist_compiled_react-dom_0w7lvyt._.js:8750:17)
    at recursivelyTraversePassiveMountEffects (http://localhost:3000/_next/static/chunks/0jqu_next_dist_compiled_react-dom_0w7lvyt._.js:8676:316)
    at commitPassiveMountOnFiber (http://localhost:3000/_next/static/chunks/0jqu_next_dist_compiled_react-dom_0w7lvyt._.js:8688:17)
    at recursivelyTraversePassiveMountEffects (http://localhost:3000/_next/static/chunks/0jqu_next_dist_compiled_react-dom_0w7lvyt._.js:8676:316)
    at commitPassiveMountOnFiber (http://localhost:3000/_next/static/chunks/0jqu_next_dist_compiled_react-dom_0w7lvyt._.js:8693:17)
    at recursivelyTraversePassiveMountEffects (http://localhost:3000/_next/static/chunks/0jqu_next_dist_compiled_react-dom_0w7lvyt._.js:8676:316)
    at commitPassiveMountOnFiber (http://localhost:3000/_next/static/chunks/0jqu_next_dist_compiled_react-dom_0w7lvyt._.js:8688:17)
    at recursivelyTraversePassiveMountEffects (http://localhost:3000/_next/static/chunks/0jqu_next_dist_compiled_react-dom_0w7lvyt._.js:8676:316)
    at commitPassiveMountOnFiber (http://localhost:3000/_next/static/chunks/0jqu_next_dist_compiled_react-dom_0w7lvyt._.js:8688:17)
    at recursivelyTraversePassiveMountEffects (http://localhost:3000/_next/static/chunks/0jqu_next_dist_compiled_react-dom_0w7lvyt._.js:8676:316)
    at commitPassiveMountOnFiber (http://localhost:3000/_next/static/chunks/0jqu_next_dist_compiled_react-dom_0w7lvyt._.js:8688:17)
    at recursivelyTraversePassiveMountEffects (http://localhost:3000/_next/static/chunks/0jqu_next_dist_compiled_react-dom_0w7lvyt._.js:8676:316)
    at commitPassiveMountOnFiber (http://localhost:3000/_next/static/chunks/0jqu_next_dist_compiled_react-dom_0w7lvyt._.js:8688:17)
    at recursivelyTraversePassiveMountEffects (http://localhost:3000/_next/static/chunks/0jqu_next_dist_compiled_react-dom_0w7lvyt._.js:8676:316)
    at commitPassiveMountOnFiber (http://localhost:3000/_next/static/chunks/0jqu_next_dist_compiled_react-dom_0w7lvyt._.js:8693:17)
    at recursivelyTraversePassiveMountEffects (http://localhost:3000/_next/static/chunks/0jqu_next_dist_compiled_react-dom_0w7lvyt._.js:8676:316)
    at commitPassiveMountOnFiber (http://localhost:3000/_next/static/chunks/0jqu_next_dist_compiled_react-dom_0w7lvyt._.js:8688:17)
    at recursivelyTraversePassiveMountEffects (http://localhost:3000/_next/static/chunks/0jqu_next_dist_compiled_react-dom_0w7lvyt._.js:8676:316)
    at commitPassiveMountOnFiber (http://localhost:3000/_next/static/chunks/0jqu_next_dist_compiled_react-dom_0w7lvyt._.js:8688:17)
    at recursivelyTraversePassiveMountEffects (http://localhost:3000/_next/static/chunks/0jqu_next_dist_compiled_react-dom_0w7lvyt._.js:8676:316)
    at commitPassiveMountOnFiber (http://localhost:3000/_next/static/chunks/0jqu_next_dist_compiled_react-dom_0w7lvyt._.js:8750:17)
    at recursivelyTraversePassiveMountEffects (http://localhost:3000/_next/static/chunks/0jqu_next_dist_compiled_react-dom_0w7lvyt._.js:8676:316)
    at commitPassiveMountOnFiber (http://localhost:3000/_next/static/chunks/0jqu_next_dist_compiled_react-dom_0w7lvyt._.js:8750:17)
    at recursivelyTraversePassiveMountEffects (http://localhost:3000/_next/static/chunks/0jqu_next_dist_compiled_react-dom_0w7lvyt._.js:8676:316)
    at commitPassiveMountOnFiber (http://localhost:3000/_next/static/chunks/0jqu_next_dist_compiled_react-dom_0w7lvyt._.js:8688:17)
    at recursivelyTraversePassiveMountEffects (http://localhost:3000/_next/static/chunks/0jqu_next_dist_compiled_react-dom_0w7lvyt._.js:8676:316)
    at commitPassiveMountOnFiber (http://localhost:3000/_next/static/chunks/0jqu_next_dist_compiled_react-dom_0w7lvyt._.js:8688:17)
    at recursivelyTraversePassiveMountEffects (http://localhost:3000/_next/static/chunks/0jqu_next_dist_compiled_react-dom_0w7lvyt._.js:8676:316)
    at commitPassiveMountOnFiber (http://localhost:3000/_next/static/chunks/0jqu_next_dist_compiled_react-dom_0w7lvyt._.js:8750:17)
    at recursivelyTraversePassiveMountEffects (http://localhost:3000/_next/static/chunks/0jqu_next_dist_compiled_react-dom_0w7lvyt._.js:8676:316)
    at commitPassiveMountOnFiber (http://localhost:3000/_next/static/chunks/0jqu_next_dist_compiled_react-dom_0w7lvyt._.js:8750:17)
    at recursivelyTraversePassiveMountEffects (http://localhost:3000/_next/static/chunks/0jqu_next_dist_compiled_react-dom_0w7lvyt._.js:8676:316)
    at commitPassiveMountOnFiber (http://localhost:3000/_next/static/chunks/0jqu_next_dist_compiled_react-dom_0w7lvyt._.js:8750:17)
    at recursivelyTraversePassiveMountEffects (http://localhost:3000/_next/static/chunks/0jqu_next_dist_compiled_react-dom_0w7lvyt._.js:8676:316)
    at commitPassiveMountOnFiber (http://localhost:3000/_next/static/chunks/0jqu_next_dist_compiled_react-dom_0w7lvyt._.js:8688:17)
    at recursivelyTraversePassiveMountEffects (http://localhost:3000/_next/static/chunks/0jqu_next_dist_compiled_react-dom_0w7lvyt._.js:8676:316) @ http://localhost:3000/_next/static/chunks/0jqu_next_dist_0q._32g._.js:3272
[  110034ms] [ERROR] Failed to load resource: net::ERR_CONNECTION_REFUSED @ http://127.0.0.1:8000/api/credit/presets/corporate:0
[  110034ms] [ERROR] TypeError: Failed to fetch
    at fetchPresets (http://localhost:3000/_next/static/chunks/src_05.sa9h._.js:907:23)
    at CreditDecisionPage.useEffect (http://localhost:3000/_next/static/chunks/src_0ka.uup._.js:1814:150)
    at Object.react_stack_bottom_frame (http://localhost:3000/_next/static/chunks/0jqu_next_dist_compiled_react-dom_0w7lvyt._.js:15087:22)
    at runWithFiberInDEV (http://localhost:3000/_next/static/chunks/0jqu_next_dist_compiled_react-dom_0w7lvyt._.js:965:74)
    at commitHookEffectListMount (http://localhost:3000/_next/static/chunks/0jqu_next_dist_compiled_react-dom_0w7lvyt._.js:7255:167)
    at commitHookPassiveMountEffects (http://localhost:3000/_next/static/chunks/0jqu_next_dist_compiled_react-dom_0w7lvyt._.js:7290:60)
    at reconnectPassiveEffects (http://localhost:3000/_next/static/chunks/0jqu_next_dist_compiled_react-dom_0w7lvyt._.js:8779:17)
    at recursivelyTraverseReconnectPassiveEffects (http://localhost:3000/_next/static/chunks/0jqu_next_dist_compiled_react-dom_0w7lvyt._.js:8766:13)
    at reconnectPassiveEffects (http://localhost:3000/_next/static/chunks/0jqu_next_dist_compiled_react-dom_0w7lvyt._.js:8778:17)
    at recursivelyTraverseReconnectPassiveEffects (http://localhost:3000/_next/static/chunks/0jqu_next_dist_compiled_react-dom_0w7lvyt._.js:8766:13)
    at reconnectPassiveEffects (http://localhost:3000/_next/static/chunks/0jqu_next_dist_compiled_react-dom_0w7lvyt._.js:8778:17)
    at recursivelyTraverseReconnectPassiveEffects (http://localhost:3000/_next/static/chunks/0jqu_next_dist_compiled_react-dom_0w7lvyt._.js:8766:13)
    at reconnectPassiveEffects (http://localhost:3000/_next/static/chunks/0jqu_next_dist_compiled_react-dom_0w7lvyt._.js:8793:17)
    at recursivelyTraverseReconnectPassiveEffects (http://localhost:3000/_next/static/chunks/0jqu_next_dist_compiled_react-dom_0w7lvyt._.js:8766:13)
    at reconnectPassiveEffects (http://localhost:3000/_next/static/chunks/0jqu_next_dist_compiled_react-dom_0w7lvyt._.js:8793:17)
    at recursivelyTraverseReconnectPassiveEffects (http://localhost:3000/_next/static/chunks/0jqu_next_dist_compiled_react-dom_0w7lvyt._.js:8766:13)
    at reconnectPassiveEffects (http://localhost:3000/_next/static/chunks/0jqu_next_dist_compiled_react-dom_0w7lvyt._.js:8778:17)
    at recursivelyTraverseReconnectPassiveEffects (http://localhost:3000/_next/static/chunks/0jqu_next_dist_compiled_react-dom_0w7lvyt._.js:8766:13)
    at reconnectPassiveEffects (http://localhost:3000/_next/static/chunks/0jqu_next_dist_compiled_react-dom_0w7lvyt._.js:8793:17)
    at recursivelyTraverseReconnectPassiveEffects (http://localhost:3000/_next/static/chunks/0jqu_next_dist_compiled_react-dom_0w7lvyt._.js:8766:13)
    at reconnectPassiveEffects (http://localhost:3000/_next/static/chunks/0jqu_next_dist_compiled_react-dom_0w7lvyt._.js:8778:17)
    at recursivelyTraverseReconnectPassiveEffects (http://localhost:3000/_next/static/chunks/0jqu_next_dist_compiled_react-dom_0w7lvyt._.js:8766:13)
    at reconnectPassiveEffects (http://localhost:3000/_next/static/chunks/0jqu_next_dist_compiled_react-dom_0w7lvyt._.js:8778:17)
    at recursivelyTraverseReconnectPassiveEffects (http://localhost:3000/_next/static/chunks/0jqu_next_dist_compiled_react-dom_0w7lvyt._.js:8766:13)
    at reconnectPassiveEffects (http://localhost:3000/_next/static/chunks/0jqu_next_dist_compiled_react-dom_0w7lvyt._.js:8778:17)
    at recursivelyTraverseReconnectPassiveEffects (http://localhost:3000/_next/static/chunks/0jqu_next_dist_compiled_react-dom_0w7lvyt._.js:8766:13)
    at reconnectPassiveEffects (http://localhost:3000/_next/static/chunks/0jqu_next_dist_compiled_react-dom_0w7lvyt._.js:8778:17)
    at recursivelyTraverseReconnectPassiveEffects (http://localhost:3000/_next/static/chunks/0jqu_next_dist_compiled_react-dom_0w7lvyt._.js:8766:13)
    at reconnectPassiveEffects (http://localhost:3000/_next/static/chunks/0jqu_next_dist_compiled_react-dom_0w7lvyt._.js:8793:17)
    at recursivelyTraverseReconnectPassiveEffects (http://localhost:3000/_next/static/chunks/0jqu_next_dist_compiled_react-dom_0w7lvyt._.js:8766:13)
    at reconnectPassiveEffects (http://localhost:3000/_next/static/chunks/0jqu_next_dist_compiled_react-dom_0w7lvyt._.js:8778:17)
    at recursivelyTraverseReconnectPassiveEffects (http://localhost:3000/_next/static/chunks/0jqu_next_dist_compiled_react-dom_0w7lvyt._.js:8766:13)
    at reconnectPassiveEffects (http://localhost:3000/_next/static/chunks/0jqu_next_dist_compiled_react-dom_0w7lvyt._.js:8778:17)
    at recursivelyTraverseReconnectPassiveEffects (http://localhost:3000/_next/static/chunks/0jqu_next_dist_compiled_react-dom_0w7lvyt._.js:8766:13)
    at reconnectPassiveEffects (http://localhost:3000/_next/static/chunks/0jqu_next_dist_compiled_react-dom_0w7lvyt._.js:8793:17)
    at recursivelyTraverseReconnectPassiveEffects (http://localhost:3000/_next/static/chunks/0jqu_next_dist_compiled_react-dom_0w7lvyt._.js:8766:13)
    at reconnectPassiveEffects (http://localhost:3000/_next/static/chunks/0jqu_next_dist_compiled_react-dom_0w7lvyt._.js:8793:17)
    at recursivelyTraverseReconnectPassiveEffects (http://localhost:3000/_next/static/chunks/0jqu_next_dist_compiled_react-dom_0w7lvyt._.js:8766:13)
    at reconnectPassiveEffects (http://localhost:3000/_next/static/chunks/0jqu_next_dist_compiled_react-dom_0w7lvyt._.js:8778:17)
    at recursivelyTraverseReconnectPassiveEffects (http://localhost:3000/_next/static/chunks/0jqu_next_dist_compiled_react-dom_0w7lvyt._.js:8766:13)
    at reconnectPassiveEffects (http://localhost:3000/_next/static/chunks/0jqu_next_dist_compiled_react-dom_0w7lvyt._.js:8778:17)
    at recursivelyTraverseReconnectPassiveEffects (http://localhost:3000/_next/static/chunks/0jqu_next_dist_compiled_react-dom_0w7lvyt._.js:8766:13)
    at reconnectPassiveEffects (http://localhost:3000/_next/static/chunks/0jqu_next_dist_compiled_react-dom_0w7lvyt._.js:8793:17)
    at recursivelyTraverseReconnectPassiveEffects (http://localhost:3000/_next/static/chunks/0jqu_next_dist_compiled_react-dom_0w7lvyt._.js:8766:13)
    at reconnectPassiveEffects (http://localhost:3000/_next/static/chunks/0jqu_next_dist_compiled_react-dom_0w7lvyt._.js:8793:17)
    at recursivelyTraverseReconnectPassiveEffects (http://localhost:3000/_next/static/chunks/0jqu_next_dist_compiled_react-dom_0w7lvyt._.js:8766:13)
    at reconnectPassiveEffects (http://localhost:3000/_next/static/chunks/0jqu_next_dist_compiled_react-dom_0w7lvyt._.js:8793:17)
    at recursivelyTraverseReconnectPassiveEffects (http://localhost:3000/_next/static/chunks/0jqu_next_dist_compiled_react-dom_0w7lvyt._.js:8766:13)
    at reconnectPassiveEffects (http://localhost:3000/_next/static/chunks/0jqu_next_dist_compiled_react-dom_0w7lvyt._.js:8778:17)
    at recursivelyTraverseReconnectPassiveEffects (http://localhost:3000/_next/static/chunks/0jqu_next_dist_compiled_react-dom_0w7lvyt._.js:8766:13) @ http://localhost:3000/_next/static/chunks/0jqu_next_dist_0q._32g._.js:3272
[  110205ms] [LOG] [Fast Refresh] rebuilding @ http://localhost:3000/_next/static/chunks/0jqu_next_dist_0q._32g._.js:2431
[  110245ms] [LOG] [Fast Refresh] done in 159ms @ http://localhost:3000/_next/static/chunks/0jqu_next_dist_0q._32g._.js:2431
[  443362ms] [LOG] [Fast Refresh] rebuilding @ http://localhost:3000/_next/static/chunks/0jqu_next_dist_0q._32g._.js:2431
[  444115ms] [LOG] [Fast Refresh] done in 838ms @ http://localhost:3000/_next/static/chunks/0jqu_next_dist_0q._32g._.js:2431
[  444328ms] [LOG] [Fast Refresh] rebuilding @ http://localhost:3000/_next/static/chunks/0jqu_next_dist_0q._32g._.js:2431
[  444336ms] [LOG] [Fast Refresh] done in 221ms @ http://localhost:3000/_next/static/chunks/0jqu_next_dist_0q._32g._.js:2431
[  444438ms] [LOG] [Fast Refresh] rebuilding @ http://localhost:3000/_next/static/chunks/0jqu_next_dist_0q._32g._.js:2431
[  444502ms] [LOG] [Fast Refresh] done in 164ms @ http://localhost:3000/_next/static/chunks/0jqu_next_dist_0q._32g._.js:2431
[  449009ms] [LOG] [Fast Refresh] rebuilding @ http://localhost:3000/_next/static/chunks/0jqu_next_dist_0q._32g._.js:2431
[  449215ms] [LOG] [Fast Refresh] done in 113ms @ http://localhost:3000/_next/static/chunks/0jqu_next_dist_0q._32g._.js:2431
[  456172ms] [LOG] [Fast Refresh] rebuilding @ http://localhost:3000/_next/static/chunks/0jqu_next_dist_0q._32g._.js:2431
[  456323ms] [LOG] [Fast Refresh] done in 69ms @ http://localhost:3000/_next/static/chunks/0jqu_next_dist_0q._32g._.js:2431
[  475132ms] [LOG] [Fast Refresh] rebuilding @ http://localhost:3000/_next/static/chunks/0jqu_next_dist_0q._32g._.js:2431
[  475346ms] [LOG] [Fast Refresh] done in 143ms @ http://localhost:3000/_next/static/chunks/0jqu_next_dist_0q._32g._.js:2431
[  501476ms] [LOG] [Fast Refresh] rebuilding @ http://localhost:3000/_next/static/chunks/0jqu_next_dist_0q._32g._.js:2431
[  501640ms] [LOG] [Fast Refresh] done in 120ms @ http://localhost:3000/_next/static/chunks/0jqu_next_dist_0q._32g._.js:2431
[  507710ms] [LOG] [Fast Refresh] rebuilding @ http://localhost:3000/_next/static/chunks/0jqu_next_dist_0q._32g._.js:2431
[  507855ms] [LOG] [Fast Refresh] done in 85ms @ http://localhost:3000/_next/static/chunks/0jqu_next_dist_0q._32g._.js:2431
[  517809ms] [LOG] [Fast Refresh] rebuilding @ http://localhost:3000/_next/static/chunks/0jqu_next_dist_0q._32g._.js:2431
[  517990ms] [LOG] [Fast Refresh] done in 83ms @ http://localhost:3000/_next/static/chunks/0jqu_next_dist_0q._32g._.js:2431
[  527812ms] [LOG] [Fast Refresh] rebuilding @ http://localhost:3000/_next/static/chunks/0jqu_next_dist_0q._32g._.js:2431
[  527980ms] [LOG] [Fast Refresh] done in 101ms @ http://localhost:3000/_next/static/chunks/0jqu_next_dist_0q._32g._.js:2431
[  542465ms] [LOG] [Fast Refresh] rebuilding @ http://localhost:3000/_next/static/chunks/0jqu_next_dist_0q._32g._.js:2431
[  542612ms] [LOG] [Fast Refresh] done in 95ms @ http://localhost:3000/_next/static/chunks/0jqu_next_dist_0q._32g._.js:2431
[  545560ms] [LOG] [Fast Refresh] rebuilding @ http://localhost:3000/_next/static/chunks/0jqu_next_dist_0q._32g._.js:2431
[  545698ms] [LOG] [Fast Refresh] done in 75ms @ http://localhost:3000/_next/static/chunks/0jqu_next_dist_0q._32g._.js:2431
[  549955ms] [LOG] [Fast Refresh] rebuilding @ http://localhost:3000/_next/static/chunks/0jqu_next_dist_0q._32g._.js:2431
[  550079ms] [LOG] [Fast Refresh] done in 73ms @ http://localhost:3000/_next/static/chunks/0jqu_next_dist_0q._32g._.js:2431
[  574931ms] [LOG] [Fast Refresh] rebuilding @ http://localhost:3000/_next/static/chunks/0jqu_next_dist_0q._32g._.js:2431
[  575139ms] [LOG] [Fast Refresh] done in 158ms @ http://localhost:3000/_next/static/chunks/0jqu_next_dist_0q._32g._.js:2431
[  591878ms] [LOG] [Fast Refresh] rebuilding @ http://localhost:3000/_next/static/chunks/0jqu_next_dist_0q._32g._.js:2431
[  592119ms] [LOG] [Fast Refresh] done in 155ms @ http://localhost:3000/_next/static/chunks/0jqu_next_dist_0q._32g._.js:2431
